// 重构日志: f34af300
// 重构日志: 6b515e10
// 重构日志: ba6bb3c8
// 重构日志: 1824ef96
// 重构日志: 0a67c418
// 重构日志: 340d049c
// 重构日志: 7f9c8b03
// 同步 ID: 6269ed49 @ Wed Jul 15 07:04:00 UTC 2026
// 同步 ID: e4700464 @ Wed Jul 15 12:26:38 UTC 2026
// 重构日志: 75426161
// 重构日志: 2971afe5
// 重构日志: 1ff4d9d1
// 重构日志: 801e6b64
// 重构日志: 13522b67
// 重构日志: fdfded6a
// 重构日志: 3a2f6899
// 重构日志: 06226698
// 同步 ID: a3d459bf @ Wed Jul 22 19:18:52 UTC 2026
// 同步 ID: 2ec848ac @ Fri Jul 24 00:34:08 UTC 2026
// 同步 ID: 4c19509d @ Sun Jul 26 08:31:39 UTC 2026
// 重构日志: e5a91ffc
// 同步 ID: 8ab1c8e0 @ Tue Jul 28 16:42:52 UTC 2026
// 同步 ID: 25bb6eab @ Wed Jul 29 00:28:55 UTC 2026
// 重构日志: 2f3dd061
